 Image ob-flux-flux Building 
#1 [internal] load local bake definitions
#1 reading from stdin 542B done
#1 DONE 0.0s

#2 [internal] load build definition from Dockerfile
#2 transferring dockerfile: 481B done
#2 DONE 0.0s

#3 [internal] load metadata for docker.io/library/python:3.12-slim@sha256:dddfd7e07f9d15aeeca61529320492139d21cac7f0070c00609243e51e4e0016
#3 DONE 0.6s

#4 [internal] load .dockerignore
#4 transferring context: 2B done
#4 DONE 0.0s

#5 [1/3] FROM docker.io/library/python:3.12-slim@sha256:dddfd7e07f9d15aeeca61529320492139d21cac7f0070c00609243e51e4e0016
#5 resolve docker.io/library/python:3.12-slim@sha256:dddfd7e07f9d15aeeca61529320492139d21cac7f0070c00609243e51e4e0016 0.0s done
#5 DONE 0.0s

#6 [2/3] RUN pip install --no-cache-dir --index-url https://download.pytorch.org/whl/cpu torch==2.8.0  && pip install --no-cache-dir transformers==4.56.2 numpy==2.4.4 usearch==2.26.2 cryptography==48.0.1 httpx==0.28.1 pydantic==2.13.4 prometheus-client==0.20.0
#6 CACHED

#7 [3/3] WORKDIR /repo
#7 CACHED

#8 exporting to image
#8 exporting layers done
#8 exporting manifest sha256:548189c5ac8b21947f8eb7e928e542aa48dcea06ed90c22e87bff6c937e8cbb0 0.1s done
#8 exporting config sha256:dd9bfb84f6709ca29c88dc961b5fd88c129275280d8120e97fde20a193230fd0
#8 exporting config sha256:dd9bfb84f6709ca29c88dc961b5fd88c129275280d8120e97fde20a193230fd0 0.0s done
#8 exporting attestation manifest sha256:ab506aa608f8df45fc18fed92a93b1c298f09e9c3f0129d8ae494808858116d9 0.0s done
#8 exporting manifest list sha256:464ce2db43be1fa02c12c8bf70006817a4bec9069165954c2eec026ac2f92736 done
#8 naming to docker.io/library/ob-flux-flux:latest done
#8 unpacking to docker.io/library/ob-flux-flux:latest
#8 unpacking to docker.io/library/ob-flux-flux:latest 11.8s done
#8 DONE 12.0s

#9 resolving provenance for metadata file
#9 DONE 0.0s
 Image ob-flux-flux Built 
 Network ob-flux_default Creating 
 Network ob-flux_default Created 
 Volume ob-flux_hf-cache Creating 
 Volume ob-flux_hf-cache Created 
 Container ob-flux-flux-1 Creating 
 Container ob-flux-flux-1 Created 
 Container ob-flux-flux-1 Starting 
 Container ob-flux-flux-1 Started 
 Container ob-flux-flux-1 Stopping 
 Container ob-flux-flux-1 Stopped 
 Container ob-flux-flux-1 Removing 
 Container ob-flux-flux-1 Removed 
 Network ob-flux_default Removing 
 Volume ob-flux_hf-cache Removing 
 Volume ob-flux_hf-cache Removed 
 Network ob-flux_default Removed 
Untagged: ob-flux-flux:latest
Deleted: sha256:464ce2db43be1fa02c12c8bf70006817a4bec9069165954c2eec026ac2f92736
